<html>
<body>
<pre>
<h1>µVision Build Log</h1>
<h2>Tool Versions:</h2>
IDE-Version: µVision V5.14.0.0
Copyright (C) 2015 ARM Ltd and ARM Germany GmbH. All rights reserved.
License Information: shuo yang, dd, LIC=A0DAR-KGEQP-YXGUR-K8DE0-ZGP9U-LM742
 
Tool Versions:
Toolchain:       DK-ARM Developers Kit  Version: 5.14.0.0
Toolchain Path:  D:\Keil_v5\ARM\ARMCC\Bin
C Compiler:      Armcc.exe V5.05 update 1 (build 106)
Assembler:       Armasm.exe V5.05 update 1 (build 106)
Linker/Locator:  ArmLink.exe V5.05 update 1 (build 106)
Library Manager: ArmAr.exe V5.05 update 1 (build 106)
Hex Converter:   FromElf.exe V5.05 update 1 (build 106)
CPU DLL:         SARMCM3.DLL V5.14.0.0
Dialog DLL:      DCM.DLL V1.13.1.0
Target DLL:      STLink\ST-LINKIII-KEIL_SWO.dll V2.0.14.0_KEIL
Dialog DLL:      TCM.DLL V1.14.4.0
 
<h2>Project:</h2>
C:\Users\pauly\Dropbox\CMU_study\24-775\monkey\GM6020_demo\MDK-ARM\GM6020_demo.uvprojx
Project File Date:  01/28/2019

<h2>Output:</h2>
Rebuild target 'GM6020_demo'
assembling startup_stm32f427xx.s...
compiling main.c...
compiling gpio.c...
compiling can.c...
compiling tim.c...
compiling stm32f4xx_it.c...
compiling stm32f4xx_hal_msp.c...
compiling stm32f4xx_hal_can.c...
compiling stm32f4xx_hal_tim.c...
compiling stm32f4xx_hal_tim_ex.c...
compiling stm32f4xx_hal_rcc.c...
compiling stm32f4xx_hal_rcc_ex.c...
compiling stm32f4xx_hal_flash.c...
compiling stm32f4xx_hal_flash_ex.c...
compiling stm32f4xx_hal_flash_ramfunc.c...
compiling stm32f4xx_hal_gpio.c...
compiling stm32f4xx_hal_dma_ex.c...
compiling stm32f4xx_hal_dma.c...
compiling stm32f4xx_hal_pwr.c...
compiling stm32f4xx_hal_pwr_ex.c...
compiling stm32f4xx_hal_cortex.c...
compiling stm32f4xx_hal.c...
compiling system_stm32f4xx.c...
compiling pid.c...
compiling bsp_key.c...
..\Bsp\bsp_key.c(40): warning:  #1-D: last line of file ends without a newline
  }
..\Bsp\bsp_key.c: 1 warning, 0 errors
compiling bsp_can.c...
compiling bsp_pwm.c...
linking...
Program Size: Code=7176 RO-data=476 RW-data=28 ZI-data=1572  
FromELF: creating hex file...
"GM6020_demo\GM6020_demo.axf" - 0 Error(s), 1 Warning(s).

<h2>Collection of Component include folders:</h2>
  C:\Users\pauly\Dropbox\CMU_study\24-775\monkey\GM6020_demo\MDK-ARM\RTE
  D:\Keil_v5\ARM\PACK\Keil\STM32F4xx_DFP\2.13.0

<h2>Collection of Component Files used:</h2>
</pre>
</body>
</html>
